// This file was auto-generated by ML.NET Model Builder. 

using Microsoft.ML.Data;

namespace CodeGenTest.Model
{
    public class ModelInput
    {
        [ColumnName("Label"), LoadColumn(0)]
        public string Label { get; set; }


        [ColumnName("col0"), LoadColumn(1)]
        public string Col0 { get; set; }


        [ColumnName("col1_map"), LoadColumn(2)]
        public long Col1 { get; set; }


        [ColumnName("col2_map"), LoadColumn(3)]
        public uint Col2 { get; set; }


        [ColumnName("col3_map"), LoadColumn(4)]
        public double Col3 { get; set; }


        [ColumnName("col4"), LoadColumn(5)]
        public int Col4 { get; set; }


        [ColumnName("col5"), LoadColumn(6)]
        public uint Col5 { get; set; }


    }
}
